------> Average PSNR(RGB) of (BSD68) scale factor: (2), kernel: (1) sigma: (0.0): 29.73 dB
------> Average PSNR(RGB) of (BSD68) scale factor: (2), kernel: (2) sigma: (0.0): 30.15 dB
------> Average PSNR(RGB) of (BSD68) scale factor: (2), kernel: (3) sigma: (0.0): 29.82 dB
------> Average PSNR(RGB) of (BSD68) scale factor: (2), kernel: (4) sigma: (0.0): 28.84 dB
------> Average PSNR(RGB) of (BSD68) scale factor: (2), kernel: (5) sigma: (0.0): 28.53 dB
------> Average PSNR(RGB) of (BSD68) scale factor: (2), kernel: (6) sigma: (0.0): 28.42 dB
------> Average PSNR(RGB) of (BSD68) scale factor: (2), kernel: (7) sigma: (0.0): 28.57 dB
------> Average PSNR(RGB) of (BSD68) scale factor: (2), kernel: (8) sigma: (0.0): 27.74 dB
------> Average PSNR(RGB) of (BSD68) scale factor: (2), kernel: (9) sigma: (0.0): 29.36 dB
------> Average PSNR(RGB) of (BSD68) scale factor: (2), kernel: (10) sigma: (0.0): 29.22 dB
------> Average PSNR(RGB) of (BSD68) scale factor: (2), kernel: (11) sigma: (0.0): 29.38 dB
------> Average PSNR(RGB) of (BSD68) scale factor: (2), kernel: (12) sigma: (0.0): 29.29 dB
------> Average PSNR(RGB) of (BSD68) scale factor: (3), kernel: (1) sigma: (0.0): 26.59 dB
------> Average PSNR(RGB) of (BSD68) scale factor: (3), kernel: (2) sigma: (0.0): 27.25 dB
------> Average PSNR(RGB) of (BSD68) scale factor: (3), kernel: (3) sigma: (0.0): 27.40 dB
------> Average PSNR(RGB) of (BSD68) scale factor: (3), kernel: (4) sigma: (0.0): 27.39 dB
------> Average PSNR(RGB) of (BSD68) scale factor: (3), kernel: (5) sigma: (0.0): 27.25 dB
------> Average PSNR(RGB) of (BSD68) scale factor: (3), kernel: (6) sigma: (0.0): 27.14 dB
------> Average PSNR(RGB) of (BSD68) scale factor: (3), kernel: (7) sigma: (0.0): 27.23 dB
------> Average PSNR(RGB) of (BSD68) scale factor: (3), kernel: (8) sigma: (0.0): 27.14 dB
------> Average PSNR(RGB) of (BSD68) scale factor: (3), kernel: (9) sigma: (0.0): 26.57 dB
------> Average PSNR(RGB) of (BSD68) scale factor: (3), kernel: (10) sigma: (0.0): 26.57 dB
------> Average PSNR(RGB) of (BSD68) scale factor: (3), kernel: (11) sigma: (0.0): 26.39 dB
------> Average PSNR(RGB) of (BSD68) scale factor: (3), kernel: (12) sigma: (0.0): 26.24 dB
------> Average PSNR(RGB) of (BSD68) scale factor: (3), kernel: (1) sigma: (0.01): 26.50 dB
------> Average PSNR(RGB) of (BSD68) scale factor: (3), kernel: (2) sigma: (0.01): 27.05 dB
------> Average PSNR(RGB) of (BSD68) scale factor: (3), kernel: (3) sigma: (0.01): 26.94 dB
------> Average PSNR(RGB) of (BSD68) scale factor: (3), kernel: (4) sigma: (0.01): 26.52 dB
------> Average PSNR(RGB) of (BSD68) scale factor: (3), kernel: (5) sigma: (0.01): 26.33 dB
------> Average PSNR(RGB) of (BSD68) scale factor: (3), kernel: (6) sigma: (0.01): 26.33 dB
------> Average PSNR(RGB) of (BSD68) scale factor: (3), kernel: (7) sigma: (0.01): 26.46 dB
------> Average PSNR(RGB) of (BSD68) scale factor: (3), kernel: (8) sigma: (0.01): 25.93 dB
------> Average PSNR(RGB) of (BSD68) scale factor: (3), kernel: (9) sigma: (0.01): 26.23 dB
------> Average PSNR(RGB) of (BSD68) scale factor: (3), kernel: (10) sigma: (0.01): 26.24 dB
------> Average PSNR(RGB) of (BSD68) scale factor: (3), kernel: (11) sigma: (0.01): 26.02 dB
------> Average PSNR(RGB) of (BSD68) scale factor: (3), kernel: (12) sigma: (0.01): 25.82 dB
------> Average PSNR(RGB) of (BSD68) scale factor: (3), kernel: (1) sigma: (0.03): 26.10 dB
------> Average PSNR(RGB) of (BSD68) scale factor: (3), kernel: (2) sigma: (0.03): 26.29 dB
------> Average PSNR(RGB) of (BSD68) scale factor: (3), kernel: (3) sigma: (0.03): 25.91 dB
------> Average PSNR(RGB) of (BSD68) scale factor: (3), kernel: (4) sigma: (0.03): 25.39 dB
------> Average PSNR(RGB) of (BSD68) scale factor: (3), kernel: (5) sigma: (0.03): 25.30 dB
------> Average PSNR(RGB) of (BSD68) scale factor: (3), kernel: (6) sigma: (0.03): 25.21 dB
------> Average PSNR(RGB) of (BSD68) scale factor: (3), kernel: (7) sigma: (0.03): 25.32 dB
------> Average PSNR(RGB) of (BSD68) scale factor: (3), kernel: (8) sigma: (0.03): 24.84 dB
------> Average PSNR(RGB) of (BSD68) scale factor: (3), kernel: (9) sigma: (0.03): 25.02 dB
------> Average PSNR(RGB) of (BSD68) scale factor: (3), kernel: (10) sigma: (0.03): 25.17 dB
------> Average PSNR(RGB) of (BSD68) scale factor: (3), kernel: (11) sigma: (0.03): 24.80 dB
------> Average PSNR(RGB) of (BSD68) scale factor: (3), kernel: (12) sigma: (0.03): 24.63 dB
------> Average PSNR(RGB) of (BSD68) scale factor: (4), kernel: (1) sigma: (0.0): 24.54 dB
------> Average PSNR(RGB) of (BSD68) scale factor: (4), kernel: (2) sigma: (0.0): 25.50 dB
------> Average PSNR(RGB) of (BSD68) scale factor: (4), kernel: (3) sigma: (0.0): 25.77 dB
------> Average PSNR(RGB) of (BSD68) scale factor: (4), kernel: (4) sigma: (0.0): 25.88 dB
------> Average PSNR(RGB) of (BSD68) scale factor: (4), kernel: (5) sigma: (0.0): 25.79 dB
------> Average PSNR(RGB) of (BSD68) scale factor: (4), kernel: (6) sigma: (0.0): 25.69 dB
------> Average PSNR(RGB) of (BSD68) scale factor: (4), kernel: (7) sigma: (0.0): 25.73 dB
------> Average PSNR(RGB) of (BSD68) scale factor: (4), kernel: (8) sigma: (0.0): 25.90 dB
------> Average PSNR(RGB) of (BSD68) scale factor: (4), kernel: (9) sigma: (0.0): 24.66 dB
------> Average PSNR(RGB) of (BSD68) scale factor: (4), kernel: (10) sigma: (0.0): 24.52 dB
------> Average PSNR(RGB) of (BSD68) scale factor: (4), kernel: (11) sigma: (0.0): 24.52 dB
------> Average PSNR(RGB) of (BSD68) scale factor: (4), kernel: (12) sigma: (0.0): 24.64 dB
